[    3957ms] [INFO] %cDownload the React DevTools for a better development experience: https://react.dev/link/react-devtools font-weight:bold @ http://localhost:3000/_next/static/chunks/node_modules_next_dist_115brz8._.js:2477
[    8174ms] [LOG] [HMR] connected @ http://localhost:3000/_next/static/chunks/node_modules_next_dist_115brz8._.js:2477
[   27873ms] [WARNING] [.WebGL-0x144403657600]GL Driver Message (OpenGL, Performance, GL_CLOSE_PATH_NV, High): GPU stall due to ReadPixels @ http://localhost:3000/:0
[   56225ms] [WARNING] [.WebGL-0x144403657600]GL Driver Message (OpenGL, Performance, GL_CLOSE_PATH_NV, High): GPU stall due to ReadPixels @ http://localhost:3000/:0
[   78135ms] [WARNING] [.WebGL-0x144403657600]GL Driver Message (OpenGL, Performance, GL_CLOSE_PATH_NV, High): GPU stall due to ReadPixels @ http://localhost:3000/:0
[   88897ms] [WARNING] [.WebGL-0x144403657600]GL Driver Message (OpenGL, Performance, GL_CLOSE_PATH_NV, High): GPU stall due to ReadPixels (this message will no longer repeat) @ http://localhost:3000/:0
[  322992ms] [LOG] [Fast Refresh] rebuilding @ http://localhost:3000/_next/static/chunks/node_modules_next_dist_115brz8._.js:2477
[  330270ms] [LOG] [Fast Refresh] done in 13796ms @ http://localhost:3000/_next/static/chunks/node_modules_next_dist_115brz8._.js:2477
[  854663ms] [LOG] [Fast Refresh] rebuilding @ http://localhost:3000/_next/static/chunks/node_modules_next_dist_115brz8._.js:2477
[  856815ms] [LOG] [Fast Refresh] done in 10592ms @ http://localhost:3000/_next/static/chunks/node_modules_next_dist_115brz8._.js:2477
[ 1358559ms] [LOG] [Fast Refresh] rebuilding @ http://localhost:3000/_next/static/chunks/node_modules_next_dist_115brz8._.js:2477
[ 1358610ms] [LOG] [Fast Refresh] done in 90ms @ http://localhost:3000/_next/static/chunks/node_modules_next_dist_115brz8._.js:2477
[15785702ms] [LOG] [Fast Refresh] rebuilding @ http://localhost:3000/_next/static/chunks/node_modules_next_dist_115brz8._.js:2477
[15785705ms] [LOG] [Fast Refresh] done in 9958ms @ http://localhost:3000/_next/static/chunks/node_modules_next_dist_115brz8._.js:2477
[18774345ms] [ERROR] WebSocket connection to 'ws://localhost:3000/_next/webpack-hmr?id=mzm_-i5FomH7uK1W0YZNV' failed: Error in connection establishment: net::ERR_CONNECTION_REFUSED @ http://localhost:3000/_next/static/chunks/node_modules_next_dist_client_0fhqo1d._.js:13322
[18814543ms] [ERROR] WebSocket connection to 'ws://localhost:3000/_next/webpack-hmr?id=mzm_-i5FomH7uK1W0YZNV' failed: Error in connection establishment: net::ERR_CONNECTION_REFUSED @ http://localhost:3000/_next/static/chunks/node_modules_next_dist_client_0fhqo1d._.js:13322
[18841125ms] [ERROR] WebSocket connection to 'ws://localhost:3000/_next/webpack-hmr?id=mzm_-i5FomH7uK1W0YZNV' failed: Error in connection establishment: net::ERR_CONNECTION_REFUSED @ http://localhost:3000/_next/static/chunks/node_modules_next_dist_client_0fhqo1d._.js:13322
[18879654ms] [ERROR] WebSocket connection to 'ws://localhost:3000/_next/webpack-hmr?id=mzm_-i5FomH7uK1W0YZNV' failed: Error in connection establishment: net::ERR_CONNECTION_REFUSED @ http://localhost:3000/_next/static/chunks/node_modules_next_dist_client_0fhqo1d._.js:13322
[18922071ms] [ERROR] WebSocket connection to 'ws://localhost:3000/_next/webpack-hmr?id=mzm_-i5FomH7uK1W0YZNV' failed: Error in connection establishment: net::ERR_CONNECTION_REFUSED @ http://localhost:3000/_next/static/chunks/node_modules_next_dist_client_0fhqo1d._.js:13322
[18944880ms] [ERROR] WebSocket connection to 'ws://localhost:3000/_next/webpack-hmr?id=mzm_-i5FomH7uK1W0YZNV' failed: Error in connection establishment: net::ERR_CONNECTION_REFUSED @ http://localhost:3000/_next/static/chunks/node_modules_next_dist_client_0fhqo1d._.js:13322
[18967268ms] [ERROR] WebSocket connection to 'ws://localhost:3000/_next/webpack-hmr?id=mzm_-i5FomH7uK1W0YZNV' failed: Error in connection establishment: net::ERR_CONNECTION_REFUSED @ http://localhost:3000/_next/static/chunks/node_modules_next_dist_client_0fhqo1d._.js:13322
[18975980ms] [ERROR] WebSocket connection to 'ws://localhost:3000/_next/webpack-hmr?id=mzm_-i5FomH7uK1W0YZNV' failed: Error in connection establishment: net::ERR_CONNECTION_REFUSED @ http://localhost:3000/_next/static/chunks/node_modules_next_dist_client_0fhqo1d._.js:13322
[19025999ms] [ERROR] WebSocket connection to 'ws://localhost:3000/_next/webpack-hmr?id=mzm_-i5FomH7uK1W0YZNV' failed: Error in connection establishment: net::ERR_CONNECTION_REFUSED @ http://localhost:3000/_next/static/chunks/node_modules_next_dist_client_0fhqo1d._.js:13322
[19046568ms] [ERROR] WebSocket connection to 'ws://localhost:3000/_next/webpack-hmr?id=mzm_-i5FomH7uK1W0YZNV' failed: Error in connection establishment: net::ERR_CONNECTION_REFUSED @ http://localhost:3000/_next/static/chunks/node_modules_next_dist_client_0fhqo1d._.js:13322
[19069583ms] [ERROR] WebSocket connection to 'ws://localhost:3000/_next/webpack-hmr?id=mzm_-i5FomH7uK1W0YZNV' failed: Error in connection establishment: net::ERR_CONNECTION_REFUSED @ http://localhost:3000/_next/static/chunks/node_modules_next_dist_client_0fhqo1d._.js:13322
[19096092ms] [ERROR] WebSocket connection to 'ws://localhost:3000/_next/webpack-hmr?id=mzm_-i5FomH7uK1W0YZNV' failed: Error in connection establishment: net::ERR_CONNECTION_REFUSED @ http://localhost:3000/_next/static/chunks/node_modules_next_dist_client_0fhqo1d._.js:13322
